// Jest Snapshot v1, https://goo.gl/fbAQLP

exports[`Should render addExpense page correctly 1`] = `
<div>
  <h1>
    AddExpense
  </h1>
  <ExpenseForm
    onSubmit={[Function]}
  />
</div>
`;
